
<!DOCTYPE html>
<html lang="en">
<head>
  <title>My amazing blog!</title>
  <meta charset="UTF-8"/>
  <meta name="description" content="Wow, I am really liking this template learning" lang="en"/>
</head>
<body>
<nav role="navigation">
  <div>
    <h1>Budding Gopher's blog</h1>
    <ul>
      <li><a href="/">home</a></li>
      <li><a href="about">about</a></li>
      <li><a href="archive">archive</a></li>
    </ul>
  </div>
</nav>
<main>

<h1>hello world</h1>

<p>this is a description</p>

Tags: <ul><li>tag1</li><li>tag2</li></ul>

</main>
<footer>
<ul>
  <li><a href="https://twitter.com/pertrai1">Twitter</a></li>
  <li><a href="https://facebook.com/pertrai1">Facebook</a></li>
</ul>
</footer>

